// Jest Snapshot v1, https://goo.gl/fbAQLP

exports[`<Button /> should render the hading 1`] = `
<main
  class=""
>
  <h1>
    Button
  </h1>
</main>
`;
